<html>
<body>
<pre>
<h1>µVision Build Log</h1>
<h2>Tool Versions:</h2>
IDE-Version: ¦ÌVision V5.36.0.0
Copyright (C) 2021 ARM Ltd and ARM Germany GmbH. All rights reserved.
License Information: w dd, HP Inc., LIC=X96CK-ZWMA8-PCRJ8-3LPRS-MF38G-YZI7U
 
Tool Versions:
Toolchain:       MDK-ARM Plus  Version: 5.36.0.0
Toolchain Path:  D:\Keil5\ARM\ARMCLANG\Bin
C Compiler:      ArmClang.exe V6.16
Assembler:       Armasm.exe V6.16
Linker/Locator:  ArmLink.exe V6.16
Library Manager: ArmAr.exe V6.16
Hex Converter:   FromElf.exe V6.16
CPU DLL:         
Dialog DLL:      
Target DLL:      STLink\ST-LINKIII-KEIL_SWO.dll V3.0.9.0
Dialog DLL:      TCM.DLL V1.53.0.0
 
<h2>Project:</h2>
D:\BaiduNetdiskDownload\s1\s2\s3\s4\s5\BLE_p2pClient (1)\MDK-ARM\BLE_p2pClient.uvprojx
Project File Date:  03/26/2026

<h2>Output:</h2>
*** Using Compiler 'V6.16', folder: 'D:\Keil5\ARM\ARMCLANG\Bin'
Rebuild target 'BLE_p2pClient'
assembling startup_stm32wba55xx.s...
compiling power_table.c...
compiling user_low_power_config.c...
compiling simple_nvm_arbiter_conf.c...
compiling peripheral_init.c...
compiling app_debug.c...
compiling crc_ctrl_conf.c...
compiling ble_timer.c...
compiling stm32wbaxx_hal_msp.c...
compiling stm32_lpm_if.c...
compiling app_entry.c...
compiling stm32wbaxx_it.c...
compiling main.c...
compiling host_stack_if.c...
compiling stm32wbaxx_ll_pka.c...
compiling linklayer_plat.c...
compiling stm32wbaxx_nucleo.c...
compiling ll_sys_if.c...
compiling stm32wbaxx_ll_exti.c...
compiling stm32wbaxx_ll_utils.c...
compiling app_ble.c...
compiling gatt_client_app.c...
compiling stm32wbaxx_hal_adc_ex.c...
compiling stm32wbaxx_hal.c...
compiling stm32wbaxx_hal_flash.c...
compiling stm32wbaxx_hal_dma.c...
compiling stm32wbaxx_hal_gpio.c...
compiling stm32wbaxx_hal_cortex.c...
compiling stm32wbaxx_hal_rcc_ex.c...
compiling stm32wbaxx_hal_flash_ex.c...
compiling stm32wbaxx_hal_exti.c...
compiling stm32wbaxx_hal_adc.c...
compiling stm32wbaxx_hal_rcc.c...
compiling stm32wbaxx_hal_pwr.c...
compiling stm32wbaxx_hal_pwr_ex.c...
compiling stm32wbaxx_hal_cryp_ex.c...
compiling stm32wbaxx_hal_crc_ex.c...
compiling stm32wbaxx_ll_gpio.c...
compiling stm32wbaxx_ll_icache.c...
compiling stm32wbaxx_hal_ramcfg.c...
compiling stm32wbaxx_hal_crc.c...
compiling stm32wbaxx_hal_rng_ex.c...
compiling stm32wbaxx_hal_rng.c...
compiling stm32wbaxx_hal_dma_ex.c...
compiling system_stm32wbaxx.c...
compiling stm32wbaxx_ll_dma.c...
compiling stm32wbaxx_ll_adc.c...
compiling stm32_tiny_sscanf.c...
compiling stm32wbaxx_hal_uart_ex.c...
compiling stm32_systime.c...
compiling stm32wbaxx_hal_rtc.c...
compiling stm32_tiny_vsnprintf.c...
compiling stm32wbaxx_ll_tim.c...
compiling stm32_mem.c...
compiling stm32wbaxx_hal_rtc_ex.c...
compiling stm32_adv_trace.c...
compiling stm32_seq.c...
compiling bleplat.c...
compiling adc_ctrl_conf.c...
compiling stm32_lpm.c...
compiling adv_trace_usart_if.c...
compiling hw_otp.c...
compiling stm32_timer.c...
compiling app_sys.c...
compiling timer_if.c...
compiling hw_aes.c...
compiling app_bsp.c...
compiling hw_rng.c...
compiling otp.c...
compiling stm32wbaxx_hal_uart.c...
compiling crc_ctrl.c...
compiling stm_list.c...
compiling adc_ctrl.c...
compiling stm32wbaxx_hal_cryp.c...
compiling pka_ctrl.c...
compiling temp_measurement.c...
assembling stm32wbaxx_ResetHandler_MDK-ARM.s...
compiling stm_queue.c...
compiling flash_driver.c...
compiling baes_ccm.c...
compiling baes_ecb.c...
compiling baes_cmac.c...
compiling flash_manager.c...
compiling scm.c...
compiling rf_timing_synchro.c...
compiling RTDebug.c...
compiling RTDebug_dtb.c...
compiling stm32_mm.c...
compiling serial_cmd_interpreter.c...
compiling advanced_memory_manager.c...
compiling ll_sys_cs.c...
compiling ll_sys_dp_slp.c...
compiling log_module.c...
compiling ll_sys_intf.c...
compiling ll_sys_startup.c...
compiling imu_process.c...
compiling Calibration.c...
compiling svc_ctl.c...
compiling simple_nvm_arbiter.c...
linking...
Program Size: Code=211980 RO-data=12732 RW-data=13428 ZI-data=29252  
FromELF: creating hex file...
After Build - User command #1: fromelf BLE_p2pClient\BLE_p2pClient.axf --bincombined  --output=BLE_p2pClient\BLE_p2pClient.bin
"BLE_p2pClient\BLE_p2pClient.axf" - 0 Error(s), 0 Warning(s).

<h2>Software Packages used:</h2>

Package Vendor: ARM
                http://www.keil.com/pack/ARM.CMSIS.5.8.0.pack
                ARM.CMSIS.5.8.0
                CMSIS (Common Microcontroller Software Interface Standard)
   * Component: CORE Version: 5.5.0

Package Vendor: Keil
                https://www.keil.com/pack/Keil.STM32WBAxx_DFP.2.2.0.pack
                Keil.STM32WBAxx_DFP.2.2.0
                STMicroelectronics STM32WBA Series Device Support

<h2>Collection of Component include folders:</h2>
  .\RTE\_BLE_p2pClient
  D:\Keil5\ARM\CMSIS\5.8.0\CMSIS\Core\Include

<h2>Collection of Component Files used:</h2>

   * Component: ARM::CMSIS:CORE:5.5.0
      Include file:  CMSIS\Core\Include\tz_context.h
Build Time Elapsed:  00:00:04
</pre>
</body>
</html>
